// Jest Snapshot v1, https://goo.gl/fbAQLP

exports[`renders without 1`] = `
<div
  className="App"
>
  <style
    dangerouslySetInnerHTML={
      {
        "__html": ".css-btagbu-MuiAppBar-root{display:-webkit-box;display:-webkit-flex;display:-ms-flexbox;display:flex;-webkit-flex-direction:column;-ms-flex-direction:column;flex-direction:column;width:100%;box-sizing:border-box;-webkit-flex-shrink:0;-ms-flex-negative:0;flex-shrink:0;position:static;background-color:#1976d2;color:#fff;background-color:#ff0000;color:#000000;}",
      }
    }
    data-emotion="css btagbu-MuiAppBar-root"
  />
  <style
    dangerouslySetInnerHTML={
      {
        "__html": ".css-kezz5k-MuiPaper-root-MuiAppBar-root{background-color:#fff;color:rgba(0, 0, 0, 0.87);-webkit-transition:box-shadow 300ms cubic-bezier(0.4, 0, 0.2, 1) 0ms;transition:box-shadow 300ms cubic-bezier(0.4, 0, 0.2, 1) 0ms;box-shadow:0px 2px 4px -1px rgba(0,0,0,0.2),0px 4px 5px 0px rgba(0,0,0,0.14),0px 1px 10px 0px rgba(0,0,0,0.12);display:-webkit-box;display:-webkit-flex;display:-ms-flexbox;display:flex;-webkit-flex-direction:column;-ms-flex-direction:column;flex-direction:column;width:100%;box-sizing:border-box;-webkit-flex-shrink:0;-ms-flex-negative:0;flex-shrink:0;position:static;background-color:#1976d2;color:#fff;background-color:#ff0000;color:#000000;}",
      }
    }
    data-emotion="css kezz5k-MuiPaper-root-MuiAppBar-root"
  />
  <header
    className="MuiPaper-root MuiPaper-elevation MuiPaper-elevation4 MuiAppBar-root MuiAppBar-colorPrimary MuiAppBar-positionStatic css-kezz5k-MuiPaper-root-MuiAppBar-root"
  >
    <style
      dangerouslySetInnerHTML={
        {
          "__html": ".css-19r6kue-MuiContainer-root{width:100%;margin-left:auto;box-sizing:border-box;margin-right:auto;display:block;padding-left:16px;padding-right:16px;}@media (min-width:600px){.css-19r6kue-MuiContainer-root{padding-left:24px;padding-right:24px;}}@media (min-width:1536px){.css-19r6kue-MuiContainer-root{max-width:1536px;}}",
        }
      }
      data-emotion="css 19r6kue-MuiContainer-root"
    />
    <div
      className="MuiContainer-root MuiContainer-maxWidthXl css-19r6kue-MuiContainer-root"
    >
      <style
        dangerouslySetInnerHTML={
          {
            "__html": ".css-r6ewbb-MuiToolbar-root{position:relative;display:-webkit-box;display:-webkit-flex;display:-ms-flexbox;display:flex;-webkit-align-items:center;-webkit-box-align:center;-ms-flex-align:center;align-items:center;min-height:56px;}@media (min-width:0px){@media (orientation: landscape){.css-r6ewbb-MuiToolbar-root{min-height:48px;}}}@media (min-width:600px){.css-r6ewbb-MuiToolbar-root{min-height:64px;}}",
          }
        }
        data-emotion="css r6ewbb-MuiToolbar-root"
      />
      <div
        className="MuiToolbar-root MuiToolbar-regular css-r6ewbb-MuiToolbar-root"
      >
        <style
          dangerouslySetInnerHTML={
            {
              "__html": ".css-1cv1n22-MuiTypography-root{margin:0;font-family:"Roboto","Helvetica","Arial",sans-serif;font-weight:500;font-size:1.25rem;line-height:1.6;letter-spacing:0.0075em;overflow:hidden;text-overflow:ellipsis;white-space:nowrap;color:#000000;margin-right:16px;font-family:monospace;font-weight:700;letter-spacing:.3rem;-webkit-text-decoration:none;text-decoration:none;}@media (min-width:0px){.css-1cv1n22-MuiTypography-root{display:none;}}@media (min-width:900px){.css-1cv1n22-MuiTypography-root{display:-webkit-box;display:-webkit-flex;display:-ms-flexbox;display:flex;}}",
            }
          }
          data-emotion="css 1cv1n22-MuiTypography-root"
        />
        <a
          className="MuiTypography-root MuiTypography-h6 MuiTypography-noWrap css-1cv1n22-MuiTypography-root"
          href="#app-bar-with-responsive-menu"
        >
          Lethal Calculator
        </a>
        <style
          dangerouslySetInnerHTML={
            {
              "__html": ".css-1lvtzne{-webkit-box-flex:1;-webkit-flex-grow:1;-ms-flex-positive:1;flex-grow:1;}@media (min-width:0px){.css-1lvtzne{display:-webkit-box;display:-webkit-flex;display:-ms-flexbox;display:flex;}}@media (min-width:900px){.css-1lvtzne{display:none;}}",
            }
          }
          data-emotion="css 1lvtzne"
        />
        <div
          className="MuiBox-root css-1lvtzne"
        >
          <style
            dangerouslySetInnerHTML={
              {
                "__html": ".css-1wtioh1-MuiIconButton-root{text-align:center;-webkit-flex:0 0 auto;-ms-flex:0 0 auto;flex:0 0 auto;font-size:1.5rem;padding:8px;border-radius:50%;overflow:visible;color:rgba(0, 0, 0, 0.54);-webkit-transition:background-color 150ms cubic-bezier(0.4, 0, 0.2, 1) 0ms;transition:background-color 150ms cubic-bezier(0.4, 0, 0.2, 1) 0ms;color:inherit;padding:12px;font-size:1.75rem;}.css-1wtioh1-MuiIconButton-root:hover{background-color:rgba(0, 0, 0, 0.04);}@media (hover: none){.css-1wtioh1-MuiIconButton-root:hover{background-color:transparent;}}.css-1wtioh1-MuiIconButton-root.Mui-disabled{background-color:transparent;color:rgba(0, 0, 0, 0.26);}",
              }
            }
            data-emotion="css 1wtioh1-MuiIconButton-root"
          />
          <style
            dangerouslySetInnerHTML={
              {
                "__html": ".css-1pz7awu-MuiButtonBase-root-MuiIconButton-root{display:-webkit-inline-box;display:-webkit-inline-flex;display:-ms-inline-flexbox;display:inline-flex;-webkit-align-items:center;-webkit-box-align:center;-ms-flex-align:center;align-items:center;-webkit-box-pack:center;-ms-flex-pack:center;-webkit-justify-content:center;justify-content:center;position:relative;box-sizing:border-box;-webkit-tap-highlight-color:transparent;background-color:transparent;outline:0;border:0;margin:0;border-radius:0;padding:0;cursor:pointer;-webkit-user-select:none;-moz-user-select:none;-ms-user-select:none;user-select:none;vertical-align:middle;-moz-appearance:none;-webkit-appearance:none;-webkit-text-decoration:none;text-decoration:none;color:inherit;text-align:center;-webkit-flex:0 0 auto;-ms-flex:0 0 auto;flex:0 0 auto;font-size:1.5rem;padding:8px;border-radius:50%;overflow:visible;color:rgba(0, 0, 0, 0.54);-webkit-transition:background-color 150ms cubic-bezier(0.4, 0, 0.2, 1) 0ms;transition:background-color 150ms cubic-bezier(0.4, 0, 0.2, 1) 0ms;color:inherit;padding:12px;font-size:1.75rem;}.css-1pz7awu-MuiButtonBase-root-MuiIconButton-root::-moz-focus-inner{border-style:none;}.css-1pz7awu-MuiButtonBase-root-MuiIconButton-root.Mui-disabled{pointer-events:none;cursor:default;}@media print{.css-1pz7awu-MuiButtonBase-root-MuiIconButton-root{-webkit-print-color-adjust:exact;color-adjust:exact;}}.css-1pz7awu-MuiButtonBase-root-MuiIconButton-root:hover{background-color:rgba(0, 0, 0, 0.04);}@media (hover: none){.css-1pz7awu-MuiButtonBase-root-MuiIconButton-root:hover{background-color:transparent;}}.css-1pz7awu-MuiButtonBase-root-MuiIconButton-root.Mui-disabled{background-color:transparent;color:rgba(0, 0, 0, 0.26);}",
              }
            }
            data-emotion="css 1pz7awu-MuiButtonBase-root-MuiIconButton-root"
          />
          <button
            aria-controls="menu-appbar"
            aria-haspopup="true"
            aria-label="account of current user"
            className="MuiButtonBase-root MuiIconButton-root MuiIconButton-colorInherit MuiIconButton-sizeLarge css-1pz7awu-MuiButtonBase-root-MuiIconButton-root"
            disabled={false}
            onBlur={[Function]}
            onClick={[Function]}
            onContextMenu={[Function]}
            onDragLeave={[Function]}
            onFocus={[Function]}
            onKeyDown={[Function]}
            onKeyUp={[Function]}
            onMouseDown={[Function]}
            onMouseLeave={[Function]}
            onMouseUp={[Function]}
            onTouchEnd={[Function]}
            onTouchMove={[Function]}
            onTouchStart={[Function]}
            tabIndex={0}
            type="button"
          >
            <style
              dangerouslySetInnerHTML={
                {
                  "__html": ".css-i4bv87-MuiSvgIcon-root{-webkit-user-select:none;-moz-user-select:none;-ms-user-select:none;user-select:none;width:1em;height:1em;display:inline-block;fill:currentColor;-webkit-flex-shrink:0;-ms-flex-negative:0;flex-shrink:0;-webkit-transition:fill 200ms cubic-bezier(0.4, 0, 0.2, 1) 0ms;transition:fill 200ms cubic-bezier(0.4, 0, 0.2, 1) 0ms;font-size:1.5rem;}",
                }
              }
              data-emotion="css i4bv87-MuiSvgIcon-root"
            />
            <svg
              aria-hidden={true}
              className="MuiSvgIcon-root MuiSvgIcon-fontSizeMedium css-i4bv87-MuiSvgIcon-root"
              data-testid="MenuIcon"
              focusable="false"
              viewBox="0 0 24 24"
            >
              <path
                d="M3 18h18v-2H3zm0-5h18v-2H3zm0-7v2h18V6z"
              />
            </svg>
          </button>
          <style
            dangerouslySetInnerHTML={
              {
                "__html": ".css-i8ibco-MuiMenu-root{color:#000000;}@media (min-width:0px){.css-i8ibco-MuiMenu-root{display:block;}}@media (min-width:900px){.css-i8ibco-MuiMenu-root{display:none;}}",
              }
            }
            data-emotion="css i8ibco-MuiMenu-root"
          />
          <style
            dangerouslySetInnerHTML={
              {
                "__html": ".css-9m6icf-MuiPopover-root-MuiMenu-root{color:#000000;}@media (min-width:0px){.css-9m6icf-MuiPopover-root-MuiMenu-root{display:block;}}@media (min-width:900px){.css-9m6icf-MuiPopover-root-MuiMenu-root{display:none;}}",
              }
            }
            data-emotion="css 9m6icf-MuiPopover-root-MuiMenu-root"
          />
        </div>
        <style
          dangerouslySetInnerHTML={
            {
              "__html": ".css-rm58di-MuiTypography-root{margin:0;font-family:"Roboto","Helvetica","Arial",sans-serif;font-weight:400;font-size:1.5rem;line-height:1.334;letter-spacing:0em;overflow:hidden;text-overflow:ellipsis;white-space:nowrap;color:#000000;margin-right:16px;-webkit-box-flex:1;-webkit-flex-grow:1;-ms-flex-positive:1;flex-grow:1;font-family:monospace;font-weight:700;letter-spacing:.3rem;-webkit-text-decoration:none;text-decoration:none;}@media (min-width:0px){.css-rm58di-MuiTypography-root{display:-webkit-box;display:-webkit-flex;display:-ms-flexbox;display:flex;}}@media (min-width:900px){.css-rm58di-MuiTypography-root{display:none;}}",
            }
          }
          data-emotion="css rm58di-MuiTypography-root"
        />
        <a
          className="MuiTypography-root MuiTypography-h5 MuiTypography-noWrap css-rm58di-MuiTypography-root"
          href="#app-bar-with-responsive-menu"
        >
          Lethal Calculator
        </a>
        <style
          dangerouslySetInnerHTML={
            {
              "__html": ".css-1t6c9ts{-webkit-box-flex:1;-webkit-flex-grow:1;-ms-flex-positive:1;flex-grow:1;}@media (min-width:0px){.css-1t6c9ts{display:none;}}@media (min-width:900px){.css-1t6c9ts{display:-webkit-box;display:-webkit-flex;display:-ms-flexbox;display:flex;}}",
            }
          }
          data-emotion="css 1t6c9ts"
        />
        <div
          className="MuiBox-root css-1t6c9ts"
        >
          <style
            dangerouslySetInnerHTML={
              {
                "__html": ".css-1uwkm2n-MuiButton-root{font-family:"Roboto","Helvetica","Arial",sans-serif;font-weight:500;font-size:0.875rem;line-height:1.75;letter-spacing:0.02857em;text-transform:uppercase;min-width:64px;padding:6px 8px;border-radius:4px;-webkit-transition:background-color 250ms cubic-bezier(0.4, 0, 0.2, 1) 0ms,box-shadow 250ms cubic-bezier(0.4, 0, 0.2, 1) 0ms,border-color 250ms cubic-bezier(0.4, 0, 0.2, 1) 0ms,color 250ms cubic-bezier(0.4, 0, 0.2, 1) 0ms;transition:background-color 250ms cubic-bezier(0.4, 0, 0.2, 1) 0ms,box-shadow 250ms cubic-bezier(0.4, 0, 0.2, 1) 0ms,border-color 250ms cubic-bezier(0.4, 0, 0.2, 1) 0ms,color 250ms cubic-bezier(0.4, 0, 0.2, 1) 0ms;color:#1976d2;margin-top:16px;margin-bottom:16px;color:#000000;display:block;}.css-1uwkm2n-MuiButton-root:hover{-webkit-text-decoration:none;text-decoration:none;background-color:rgba(25, 118, 210, 0.04);}@media (hover: none){.css-1uwkm2n-MuiButton-root:hover{background-color:transparent;}}.css-1uwkm2n-MuiButton-root.Mui-disabled{color:rgba(0, 0, 0, 0.26);}",
              }
            }
            data-emotion="css 1uwkm2n-MuiButton-root"
          />
          <style
            dangerouslySetInnerHTML={
              {
                "__html": ".css-1jm3u0u-MuiButtonBase-root-MuiButton-root{display:-webkit-inline-box;display:-webkit-inline-flex;display:-ms-inline-flexbox;display:inline-flex;-webkit-align-items:center;-webkit-box-align:center;-ms-flex-align:center;align-items:center;-webkit-box-pack:center;-ms-flex-pack:center;-webkit-justify-content:center;justify-content:center;position:relative;box-sizing:border-box;-webkit-tap-highlight-color:transparent;background-color:transparent;outline:0;border:0;margin:0;border-radius:0;padding:0;cursor:pointer;-webkit-user-select:none;-moz-user-select:none;-ms-user-select:none;user-select:none;vertical-align:middle;-moz-appearance:none;-webkit-appearance:none;-webkit-text-decoration:none;text-decoration:none;color:inherit;font-family:"Roboto","Helvetica","Arial",sans-serif;font-weight:500;font-size:0.875rem;line-height:1.75;letter-spacing:0.02857em;text-transform:uppercase;min-width:64px;padding:6px 8px;border-radius:4px;-webkit-transition:background-color 250ms cubic-bezier(0.4, 0, 0.2, 1) 0ms,box-shadow 250ms cubic-bezier(0.4, 0, 0.2, 1) 0ms,border-color 250ms cubic-bezier(0.4, 0, 0.2, 1) 0ms,color 250ms cubic-bezier(0.4, 0, 0.2, 1) 0ms;transition:background-color 250ms cubic-bezier(0.4, 0, 0.2, 1) 0ms,box-shadow 250ms cubic-bezier(0.4, 0, 0.2, 1) 0ms,border-color 250ms cubic-bezier(0.4, 0, 0.2, 1) 0ms,color 250ms cubic-bezier(0.4, 0, 0.2, 1) 0ms;color:#1976d2;margin-top:16px;margin-bottom:16px;color:#000000;display:block;}.css-1jm3u0u-MuiButtonBase-root-MuiButton-root::-moz-focus-inner{border-style:none;}.css-1jm3u0u-MuiButtonBase-root-MuiButton-root.Mui-disabled{pointer-events:none;cursor:default;}@media print{.css-1jm3u0u-MuiButtonBase-root-MuiButton-root{-webkit-print-color-adjust:exact;color-adjust:exact;}}.css-1jm3u0u-MuiButtonBase-root-MuiButton-root:hover{-webkit-text-decoration:none;text-decoration:none;background-color:rgba(25, 118, 210, 0.04);}@media (hover: none){.css-1jm3u0u-MuiButtonBase-root-MuiButton-root:hover{background-color:transparent;}}.css-1jm3u0u-MuiButtonBase-root-MuiButton-root.Mui-disabled{color:rgba(0, 0, 0, 0.26);}",
              }
            }
            data-emotion="css 1jm3u0u-MuiButtonBase-root-MuiButton-root"
          />
          <button
            className="MuiButtonBase-root MuiButton-root MuiButton-text MuiButton-textPrimary MuiButton-sizeMedium MuiButton-textSizeMedium MuiButton-root MuiButton-text MuiButton-textPrimary MuiButton-sizeMedium MuiButton-textSizeMedium css-1jm3u0u-MuiButtonBase-root-MuiButton-root"
            disabled={false}
            onBlur={[Function]}
            onClick={[Function]}
            onContextMenu={[Function]}
            onDragLeave={[Function]}
            onFocus={[Function]}
            onKeyDown={[Function]}
            onKeyUp={[Function]}
            onMouseDown={[Function]}
            onMouseLeave={[Function]}
            onMouseUp={[Function]}
            onTouchEnd={[Function]}
            onTouchMove={[Function]}
            onTouchStart={[Function]}
            tabIndex={0}
            type="button"
          >
            Products
          </button>
          <button
            className="MuiButtonBase-root MuiButton-root MuiButton-text MuiButton-textPrimary MuiButton-sizeMedium MuiButton-textSizeMedium MuiButton-root MuiButton-text MuiButton-textPrimary MuiButton-sizeMedium MuiButton-textSizeMedium css-1jm3u0u-MuiButtonBase-root-MuiButton-root"
            disabled={false}
            onBlur={[Function]}
            onClick={[Function]}
            onContextMenu={[Function]}
            onDragLeave={[Function]}
            onFocus={[Function]}
            onKeyDown={[Function]}
            onKeyUp={[Function]}
            onMouseDown={[Function]}
            onMouseLeave={[Function]}
            onMouseUp={[Function]}
            onTouchEnd={[Function]}
            onTouchMove={[Function]}
            onTouchStart={[Function]}
            tabIndex={0}
            type="button"
          >
            Pricing
          </button>
          <button
            className="MuiButtonBase-root MuiButton-root MuiButton-text MuiButton-textPrimary MuiButton-sizeMedium MuiButton-textSizeMedium MuiButton-root MuiButton-text MuiButton-textPrimary MuiButton-sizeMedium MuiButton-textSizeMedium css-1jm3u0u-MuiButtonBase-root-MuiButton-root"
            disabled={false}
            onBlur={[Function]}
            onClick={[Function]}
            onContextMenu={[Function]}
            onDragLeave={[Function]}
            onFocus={[Function]}
            onKeyDown={[Function]}
            onKeyUp={[Function]}
            onMouseDown={[Function]}
            onMouseLeave={[Function]}
            onMouseUp={[Function]}
            onTouchEnd={[Function]}
            onTouchMove={[Function]}
            onTouchStart={[Function]}
            tabIndex={0}
            type="button"
          >
            Blog
          </button>
        </div>
      </div>
    </div>
  </header>
  <div
    className="Body"
  >
    Hello.
  </div>
</div>
`;
